INFO    : Building target activities-web
ERROR   : XInclude Error caused build to fail:
ERROR   : file:/C:/Users/mcalister_e/Desktop/Pretext_repositories/FLCMathSampleCourse/source/activities/113sample-wksht.ptx:5:63:ERROR:DTD:DTD_XMLID_VALUE: xml:id : attribute value 113-functions is not an NCName
file:/C:/Users/mcalister_e/Desktop/Pretext_repositories/FLCMathSampleCourse/source/activities/113sample-wksht.ptx:40:42:ERROR:DTD:DTD_XMLID_VALUE: xml:id : attribute value 1_1FunctionGraph is not an NCName
file:/C:/Users/mcalister_e/Desktop/Pretext_repositories/FLCMathSampleCourse/source/activities/221sample-wksht.ptx:116:17:FATAL:PARSER:ERR_TAG_NAME_MISMATCH: Opening and ending tag mismatch: annotation line 107 and annotations
file:/C:/Users/mcalister_e/Desktop/Pretext_repositories/FLCMathSampleCourse/source/activities/221sample-wksht.ptx:117:11:FATAL:PARSER:ERR_TAG_NAME_MISMATCH: Opening and ending tag mismatch: annotation line 104 and diagram
file:/C:/Users/mcalister_e/Desktop/Pretext_repositories/FLCMathSampleCourse/source/activities/221sample-wksht.ptx:118:13:FATAL:PARSER:ERR_TAG_NAME_MISMATCH: Opening and ending tag mismatch: annotation line 102 and prefigure
file:/C:/Users/mcalister_e/Desktop/Pretext_repositories/FLCMathSampleCourse/source/activities/221sample-wksht.ptx:119:9:FATAL:PARSER:ERR_TAG_NAME_MISMATCH: Opening and ending tag mismatch: annotations line 101 and image
file:/C:/Users/mcalister_e/Desktop/Pretext_repositories/FLCMathSampleCourse/source/activities/221sample-wksht.ptx:120:10:FATAL:PARSER:ERR_TAG_NAME_MISMATCH: Opening and ending tag mismatch: diagram line 70 and figure
file:/C:/Users/mcalister_e/Desktop/Pretext_repositories/FLCMathSampleCourse/source/activities/221sample-wksht.ptx:121:16:FATAL:PARSER:ERR_TAG_NAME_MISMATCH: Opening and ending tag mismatch: prefigure line 69 and introduction
file:/C:/Users/mcalister_e/Desktop/Pretext_repositories/FLCMathSampleCourse/source/activities/221sample-wksht.ptx:146:12:FATAL:PARSER:ERR_TAG_NAME_MISMATCH: Opening and ending tag mismatch: image line 67 and exercise
file:/C:/Users/mcalister_e/Desktop/Pretext_repositories/FLCMathSampleCourse/source/activities/221sample-wksht.ptx:169:13:FATAL:PARSER:ERR_TAG_NAME_MISMATCH: Opening and ending tag mismatch: figure line 63 and worksheet
file:/C:/Users/mcalister_e/Desktop/Pretext_repositories/FLCMathSampleCourse/source/activities/221sample-wksht.ptx:170:11:FATAL:PARSER:ERR_TAG_NAME_MISMATCH: Opening and ending tag mismatch: introduction line 59 and article
file:/C:/Users/mcalister_e/Desktop/Pretext_repositories/FLCMathSampleCourse/source/activities/221sample-wksht.ptx:171:11:FATAL:PARSER:ERR_TAG_NAME_MISMATCH: Opening and ending tag mismatch: exercise line 57 and pretext
file:/C:/Users/mcalister_e/Desktop/Pretext_repositories/FLCMathSampleCourse/source/activities/221sample-wksht.ptx:171:11:FATAL:PARSER:ERR_TAG_NOT_FINISHED: Premature end of data in tag worksheet line 5
file:/C:/Users/mcalister_e/Desktop/Pretext_repositories/FLCMathSampleCourse/source/activities.ptx:15:0:ERROR:XINCLUDE:XINCLUDE_NO_FALLBACK: could not load file:/C:/Users/mcalister_e/Desktop/Pretext_repositories/FLCMathSampleCourse/source/activities/221sample-wksht.ptx, and no fallback was found
CRITICAL: XML syntax for source file is invalid
INFO    : ------------------------
CRITICAL: Failed to build.  Exiting...
INFO    : 
----------------------------------------------------
INFO    : While running pretext, the following errors occurred:

INFO    : (see log messages above or in the 'logs' folder for more information)
INFO    : ----------------------------------------------------
