WARNING : Using CLI version 2.24.0 but project's `requirements.txt`
WARNING : is configured to use 2.19.3. Consider either installing
WARNING : CLI version 2.19.3 or running `pretext update`
WARNING : to update `requirements.txt` and other managed files to match 2.24.0.
INFO    : Building target syllabus-web
INFO    : XSL conversion of C:\Users\mcalister_e\Desktop\Pretext_repositories\FLCMathSampleCourse\source\syllabus.ptx by C:\Users\mcalister_e\.ptx\2.24.0\core\xsl\utilities\pretext-enhanced-source.xsl
INFO    : successful application of C:\Users\mcalister_e\.ptx\2.24.0\core\xsl\utilities\pretext-enhanced-source.xsl
INFO    : Generating any needed assets.
INFO    : XSL conversion of C:\Users\mcalister_e\Desktop\Pretext_repositories\FLCMathSampleCourse\source\syllabus.ptx by C:\Users\mcalister_e\.ptx\2.24.0\core\xsl\utilities\pretext-enhanced-source.xsl
INFO    : successful application of C:\Users\mcalister_e\.ptx\2.24.0\core\xsl\utilities\pretext-enhanced-source.xsl
INFO    : XSL conversion of C:\Users\mcalister_e\Desktop\Pretext_repositories\FLCMathSampleCourse\source\syllabus.ptx by C:\Users\mcalister_e\.ptx\2.24.0\core\xsl\utilities\pretext-enhanced-source.xsl
INFO    : successful application of C:\Users\mcalister_e\.ptx\2.24.0\core\xsl\utilities\pretext-enhanced-source.xsl
INFO    : XSL conversion of C:\Users\mcalister_e\Desktop\Pretext_repositories\FLCMathSampleCourse\source\syllabus.ptx by C:\Users\mcalister_e\.ptx\2.24.0\core\xsl\utilities\pretext-enhanced-source.xsl
INFO    : successful application of C:\Users\mcalister_e\.ptx\2.24.0\core\xsl\utilities\pretext-enhanced-source.xsl
INFO    : XSL conversion of C:\Users\mcalister_e\Desktop\Pretext_repositories\FLCMathSampleCourse\source\syllabus.ptx by C:\Users\mcalister_e\.ptx\2.24.0\core\xsl\utilities\pretext-enhanced-source.xsl
INFO    : successful application of C:\Users\mcalister_e\.ptx\2.24.0\core\xsl\utilities\pretext-enhanced-source.xsl
INFO    : XSL conversion of C:\Users\mcalister_e\Desktop\Pretext_repositories\FLCMathSampleCourse\source\syllabus.ptx by C:\Users\mcalister_e\.ptx\2.24.0\core\xsl\utilities\pretext-enhanced-source.xsl
INFO    : successful application of C:\Users\mcalister_e\.ptx\2.24.0\core\xsl\utilities\pretext-enhanced-source.xsl
INFO    : XSL conversion of C:\Users\mcalister_e\Desktop\Pretext_repositories\FLCMathSampleCourse\source\syllabus.ptx by C:\Users\mcalister_e\.ptx\2.24.0\core\xsl\utilities\pretext-enhanced-source.xsl
INFO    : successful application of C:\Users\mcalister_e\.ptx\2.24.0\core\xsl\utilities\pretext-enhanced-source.xsl
INFO    : XSL conversion of C:\Users\mcalister_e\Desktop\Pretext_repositories\FLCMathSampleCourse\source\syllabus.ptx by C:\Users\mcalister_e\.ptx\2.24.0\core\xsl\utilities\pretext-enhanced-source.xsl
INFO    : successful application of C:\Users\mcalister_e\.ptx\2.24.0\core\xsl\utilities\pretext-enhanced-source.xsl
INFO    : XSL conversion of C:\Users\mcalister_e\Desktop\Pretext_repositories\FLCMathSampleCourse\source\syllabus.ptx by C:\Users\mcalister_e\.ptx\2.24.0\core\xsl\utilities\pretext-enhanced-source.xsl
INFO    : successful application of C:\Users\mcalister_e\.ptx\2.24.0\core\xsl\utilities\pretext-enhanced-source.xsl
INFO    : XSL conversion of C:\Users\mcalister_e\Desktop\Pretext_repositories\FLCMathSampleCourse\source\syllabus.ptx by C:\Users\mcalister_e\.ptx\2.24.0\core\xsl\utilities\pretext-enhanced-source.xsl
INFO    : successful application of C:\Users\mcalister_e\.ptx\2.24.0\core\xsl\utilities\pretext-enhanced-source.xsl
INFO    : XSL conversion of C:\Users\mcalister_e\Desktop\Pretext_repositories\FLCMathSampleCourse\source\syllabus.ptx by C:\Users\mcalister_e\.ptx\2.24.0\core\xsl\utilities\pretext-enhanced-source.xsl
INFO    : successful application of C:\Users\mcalister_e\.ptx\2.24.0\core\xsl\utilities\pretext-enhanced-source.xsl
INFO    : XSL conversion of C:\Users\mcalister_e\Desktop\Pretext_repositories\FLCMathSampleCourse\source\syllabus.ptx by C:\Users\mcalister_e\.ptx\2.24.0\core\xsl\utilities\pretext-enhanced-source.xsl
INFO    : successful application of C:\Users\mcalister_e\.ptx\2.24.0\core\xsl\utilities\pretext-enhanced-source.xsl
INFO    : XSL conversion of C:\Users\mcalister_e\Desktop\Pretext_repositories\FLCMathSampleCourse\source\syllabus.ptx by C:\Users\mcalister_e\.ptx\2.24.0\core\xsl\utilities\pretext-enhanced-source.xsl
INFO    : successful application of C:\Users\mcalister_e\.ptx\2.24.0\core\xsl\utilities\pretext-enhanced-source.xsl
INFO    : XSL conversion of C:\Users\mcalister_e\Desktop\Pretext_repositories\FLCMathSampleCourse\source\syllabus.ptx by C:\Users\mcalister_e\.ptx\2.24.0\core\xsl\utilities\pretext-enhanced-source.xsl
INFO    : successful application of C:\Users\mcalister_e\.ptx\2.24.0\core\xsl\utilities\pretext-enhanced-source.xsl
INFO    : XSL conversion of C:\Users\mcalister_e\Desktop\Pretext_repositories\FLCMathSampleCourse\source\syllabus.ptx by C:\Users\mcalister_e\.ptx\2.24.0\core\xsl\utilities\pretext-enhanced-source.xsl
INFO    : successful application of C:\Users\mcalister_e\.ptx\2.24.0\core\xsl\utilities\pretext-enhanced-source.xsl
INFO    : Finished generating assets.

INFO    : Preparing to build into C:\Users\mcalister_e\Desktop\Pretext_repositories\FLCMathSampleCourse\output\syllabus-web.
INFO    : discovering source file's directory name: C:\Users\mcalister_e\Desktop\Pretext_repositories\FLCMathSampleCourse\source
INFO    : verifying and expanding input directory: C:\Users\mcalister_e\Desktop\Pretext_repositories\FLCMathSampleCourse\source\../generated-assets
INFO    : input directory expanded to absolute path: C:\Users\mcalister_e\Desktop\Pretext_repositories\FLCMathSampleCourse\generated-assets
INFO    : verifying and expanding input directory: C:\Users\mcalister_e\Desktop\Pretext_repositories\FLCMathSampleCourse\source\../assets
INFO    : input directory expanded to absolute path: C:\Users\mcalister_e\Desktop\Pretext_repositories\FLCMathSampleCourse\assets
INFO    : discovering source file's directory name: C:\Users\mcalister_e\Desktop\Pretext_repositories\FLCMathSampleCourse\source
INFO    : XSL conversion of C:\Users\mcalister_e\Desktop\Pretext_repositories\FLCMathSampleCourse\source\syllabus.ptx by C:\Users\mcalister_e\.ptx\2.24.0\core\xsl\utilities\report-publisher-variables.xsl
INFO    : successful application of C:\Users\mcalister_e\.ptx\2.24.0\core\xsl\utilities\report-publisher-variables.xsl
INFO    : Downloading rs services file from https://runestone.academy/cdn/runestone/latest/webpack_static_imports.xml.
INFO    : Runestone Services via online CDN query: version 7.9.1
INFO    : Downloading Runestone Services, version 7.9.1
INFO    : Extracting Runestone Services from archive file
INFO    : Building custom css theme: theme-salem
INFO    : converting C:\Users\mcalister_e\Desktop\Pretext_repositories\FLCMathSampleCourse\source\syllabus.ptx to HTML in C:\Users\MCALIS~1\AppData\Local\Temp\ptx-qlwvrwsp
INFO    : XSL conversion of C:\Users\mcalister_e\Desktop\Pretext_repositories\FLCMathSampleCourse\source\syllabus.ptx by C:\Users\mcalister_e\.ptx\2.24.0\core\xsl\pretext-html.xsl
INFO    : messages from the log for XSL processing:
INFO    : * PTX:INFO:   checking ONLY the last TWO YEARS of element deprecations.
Rerun with the string parameter "author.deprecations.all" set to "yes" to check your source against all deprecations.
INFO    : successful application of C:\Users\mcalister_e\.ptx\2.24.0\core\xsl\pretext-html.xsl
INFO    : Removing temporary directory C:\Users\MCALIS~1\AppData\Local\Temp\ptx-qlwvrwsp
INFO    : Removing temporary directory C:\Users\MCALIS~1\AppData\Local\Temp\ptx-zif5qegw
INFO    : 
Finished build for target syllabus-web. Run `pretext view syllabus-web` to see the results.

INFO    : 
Success!  Built requested target(s) without errors.

INFO    : 
