INFO    : Building target activities-web
ERROR   : XInclude Error caused build to fail:
ERROR   : file:/C:/Users/mcalister_e/Desktop/Pretext_repositories/FLCMathSampleCourse/source/activities/113sample-wksht.ptx:5:63:ERROR:DTD:DTD_XMLID_VALUE: xml:id : attribute value 113-functions is not an NCName
file:/C:/Users/mcalister_e/Desktop/Pretext_repositories/FLCMathSampleCourse/source/activities/113sample-wksht.ptx:40:42:ERROR:DTD:DTD_XMLID_VALUE: xml:id : attribute value 1_1FunctionGraph is not an NCName
file:/C:/Users/mcalister_e/Desktop/Pretext_repositories/FLCMathSampleCourse/source/activities/221sample-wksht.ptx:117:18:FATAL:PARSER:ERR_TAG_NAME_MISMATCH: Opening and ending tag mismatch: annotations line 101 and annotation
file:/C:/Users/mcalister_e/Desktop/Pretext_repositories/FLCMathSampleCourse/source/activities/221sample-wksht.ptx:118:17:FATAL:PARSER:ERR_TAG_NAME_MISMATCH: Opening and ending tag mismatch: diagram line 70 and annotations
file:/C:/Users/mcalister_e/Desktop/Pretext_repositories/FLCMathSampleCourse/source/activities/221sample-wksht.ptx:119:11:FATAL:PARSER:ERR_TAG_NAME_MISMATCH: Opening and ending tag mismatch: prefigure line 69 and diagram
file:/C:/Users/mcalister_e/Desktop/Pretext_repositories/FLCMathSampleCourse/source/activities/221sample-wksht.ptx:120:13:FATAL:PARSER:ERR_TAG_NAME_MISMATCH: Opening and ending tag mismatch: image line 67 and prefigure
file:/C:/Users/mcalister_e/Desktop/Pretext_repositories/FLCMathSampleCourse/source/activities/221sample-wksht.ptx:121:9:FATAL:PARSER:ERR_TAG_NAME_MISMATCH: Opening and ending tag mismatch: figure line 63 and image
file:/C:/Users/mcalister_e/Desktop/Pretext_repositories/FLCMathSampleCourse/source/activities/221sample-wksht.ptx:122:10:FATAL:PARSER:ERR_TAG_NAME_MISMATCH: Opening and ending tag mismatch: introduction line 59 and figure
file:/C:/Users/mcalister_e/Desktop/Pretext_repositories/FLCMathSampleCourse/source/activities/221sample-wksht.ptx:123:16:FATAL:PARSER:ERR_TAG_NAME_MISMATCH: Opening and ending tag mismatch: exercise line 57 and introduction
file:/C:/Users/mcalister_e/Desktop/Pretext_repositories/FLCMathSampleCourse/source/activities/221sample-wksht.ptx:148:12:FATAL:PARSER:ERR_TAG_NAME_MISMATCH: Opening and ending tag mismatch: worksheet line 5 and exercise
file:/C:/Users/mcalister_e/Desktop/Pretext_repositories/FLCMathSampleCourse/source/activities/221sample-wksht.ptx:171:13:FATAL:PARSER:ERR_TAG_NAME_MISMATCH: Opening and ending tag mismatch: article line 4 and worksheet
file:/C:/Users/mcalister_e/Desktop/Pretext_repositories/FLCMathSampleCourse/source/activities/221sample-wksht.ptx:172:11:FATAL:PARSER:ERR_TAG_NAME_MISMATCH: Opening and ending tag mismatch: pretext line 3 and article
file:/C:/Users/mcalister_e/Desktop/Pretext_repositories/FLCMathSampleCourse/source/activities/221sample-wksht.ptx:173:1:FATAL:PARSER:ERR_DOCUMENT_END: Extra content at the end of the document
file:/C:/Users/mcalister_e/Desktop/Pretext_repositories/FLCMathSampleCourse/source/activities.ptx:15:0:ERROR:XINCLUDE:XINCLUDE_NO_FALLBACK: could not load file:/C:/Users/mcalister_e/Desktop/Pretext_repositories/FLCMathSampleCourse/source/activities/221sample-wksht.ptx, and no fallback was found
CRITICAL: XML syntax for source file is invalid
INFO    : ------------------------
CRITICAL: Failed to build.  Exiting...
INFO    : 
----------------------------------------------------
INFO    : While running pretext, the following errors occurred:

INFO    : (see log messages above or in the 'logs' folder for more information)
INFO    : ----------------------------------------------------
